Analyzing map_screen.dart...                                    

  error - Target of URI doesn't exist: 'package:latlong2/latlong2.dart' - lib\screens\map_screen.dart:4:8 - uri_does_not_exist
  error - Undefined class 'LatLng' - lib\screens\map_screen.dart:29:16 - undefined_class
  error - Const variables must be initialized with a constant value - lib\screens\map_screen.dart:29:41 - const_initialized_with_non_constant_value
  error - The method 'LatLng' isn't defined for the type '_MapScreenState' - lib\screens\map_screen.dart:29:41 - undefined_method
   info - 'withOpacity' is deprecated and shouldn't be used. Use .withValues() to avoid precision loss - lib\screens\map_screen.dart:149:52 - deprecated_member_use
   info - 'withOpacity' is deprecated and shouldn't be used. Use .withValues() to avoid precision loss - lib\screens\map_screen.dart:185:46 - deprecated_member_use
   info - 'withOpacity' is deprecated and shouldn't be used. Use .withValues() to avoid precision loss - lib\screens\map_screen.dart:229:52 - deprecated_member_use
   info - 'withOpacity' is deprecated and shouldn't be used. Use .withValues() to avoid precision loss - lib\screens\map_screen.dart:268:61 - deprecated_member_use
   info - 'withOpacity' is deprecated and shouldn't be used. Use .withValues() to avoid precision loss - lib\screens\map_screen.dart:320:52 - deprecated_member_use
   info - 'withOpacity' is deprecated and shouldn't be used. Use .withValues() to avoid precision loss - lib\screens\map_screen.dart:380:30 - deprecated_member_use
   info - 'withOpacity' is deprecated and shouldn't be used. Use .withValues() to avoid precision loss - lib\screens\map_screen.dart:433:52 - deprecated_member_use
   info - 'withOpacity' is deprecated and shouldn't be used. Use .withValues() to avoid precision loss - lib\screens\map_screen.dart:469:51 - deprecated_member_use
   info - 'withOpacity' is deprecated and shouldn't be used. Use .withValues() to avoid precision loss - lib\screens\map_screen.dart:564:52 - deprecated_member_use
   info - Don't use 'BuildContext's across async gaps - lib\screens\map_screen.dart:614:15 - use_build_context_synchronously
   info - Don't use 'BuildContext's across async gaps - lib\screens\map_screen.dart:625:15 - use_build_context_synchronously
   info - Don't use 'BuildContext's across async gaps - lib\screens\map_screen.dart:634:15 - use_build_context_synchronously
   info - Don't use 'BuildContext's across async gaps - lib\screens\map_screen.dart:645:15 - use_build_context_synchronously

